17:14:12 **** Incremental Build of configuration Debug for project IrControlerDecode ****
make -j8 all 
arm-none-eabi-size   IrControlerDecode.elf 
   text	   data	    bss	    dec	    hex	filename
   9420	     24	   1700	  11144	   2b88	IrControlerDecode.elf
Finished building: default.size.stdout
 
17:14:17 **** Incremental Build of configuration Debug for project IrControlerDecode ****
make -j8 all 
arm-none-eabi-size   IrControlerDecode.elf 
   text	   data	    bss	    dec	    hex	filename
   9420	     24	   1700	  11144	   2b88	IrControlerDecode.elf
Finished building: default.size.stdout
 
17:14:33 **** Incremental Build of configuration Debug for project IrControlerDecode ****
make -j8 all 
arm-none-eabi-size   IrControlerDecode.elf 
   text	   data	    bss	    dec	    hex	filename
   9420	     24	   1700	  11144	   2b88	IrControlerDecode.elf
Finished building: default.size.stdout
 
17:17:32 **** Incremental Build of configuration Debug for project IrControlerDecode ****
make -j8 all 
arm-none-eabi-g++ "../CPP/Src/sensorIrClass.cpp" -mcpu=cortex-m4 -std=gnu++14 -g3 -DDEBUG -DUSE_HAL_DRIVER -DSTM32F405xx -c -I../Core/Inc -I../Drivers/STM32F4xx_HAL_Driver/Inc -I../Drivers/STM32F4xx_HAL_Driver/Inc/Legacy -I../Drivers/CMSIS/Device/ST/STM32F4xx/Include -I../Drivers/CMSIS/Include -I"D:/GitHub/IrReceiverDecoder/IrControlerDecode/CPP/Src" -I"D:/GitHub/IrReceiverDecoder/IrControlerDecode/CPP/Inc" -O0 -ffunction-sections -fdata-sections -fno-exceptions -fno-rtti -fno-use-cxa-atexit -Wall -fstack-usage -MMD -MP -MF"CPP/Src/sensorIrClass.d" -MT"CPP/Src/sensorIrClass.o" --specs=nano.specs -mfpu=fpv4-sp-d16 -mfloat-abi=hard -mthumb -o "CPP/Src/sensorIrClass.o"
arm-none-eabi-g++ -o "IrControlerDecode.elf" @"objects.list"   -mcpu=cortex-m4 -T"D:\GitHub\IrReceiverDecoder\IrControlerDecode\STM32F405RGTX_FLASH.ld" --specs=nosys.specs -Wl,-Map="IrControlerDecode.map" -Wl,--gc-sections -static --specs=nano.specs -mfpu=fpv4-sp-d16 -mfloat-abi=hard -mthumb -Wl,--start-group -lc -lm -lstdc++ -lsupc++ -Wl,--end-group
Finished building target: IrControlerDecode.elf
 
arm-none-eabi-size   IrControlerDecode.elf 
arm-none-eabi-objdump -h -S  IrControlerDecode.elf  > "IrControlerDecode.list"
arm-none-eabi-objcopy  -O binary  IrControlerDecode.elf  "IrControlerDecode.bin"
   text	   data	    bss	    dec	    hex	filename
   9420	     24	   1700	  11144	   2b88	IrControlerDecode.elf
Finished building: default.size.stdout
 
Finished building: IrControlerDecode.bin
 
Finished building: IrControlerDecode.list
 
17:19:39 **** Incremental Build of configuration Debug for project IrControlerDecode ****
make -j8 all 
arm-none-eabi-g++ "../CPP/Src/sensorIrClass.cpp" -mcpu=cortex-m4 -std=gnu++14 -g3 -DDEBUG -DUSE_HAL_DRIVER -DSTM32F405xx -c -I../Core/Inc -I../Drivers/STM32F4xx_HAL_Driver/Inc -I../Drivers/STM32F4xx_HAL_Driver/Inc/Legacy -I../Drivers/CMSIS/Device/ST/STM32F4xx/Include -I../Drivers/CMSIS/Include -I"D:/GitHub/IrReceiverDecoder/IrControlerDecode/CPP/Src" -I"D:/GitHub/IrReceiverDecoder/IrControlerDecode/CPP/Inc" -O0 -ffunction-sections -fdata-sections -fno-exceptions -fno-rtti -fno-use-cxa-atexit -Wall -fstack-usage -MMD -MP -MF"CPP/Src/sensorIrClass.d" -MT"CPP/Src/sensorIrClass.o" --specs=nano.specs -mfpu=fpv4-sp-d16 -mfloat-abi=hard -mthumb -o "CPP/Src/sensorIrClass.o"
arm-none-eabi-g++ -o "IrControlerDecode.elf" @"objects.list"   -mcpu=cortex-m4 -T"D:\GitHub\IrReceiverDecoder\IrControlerDecode\STM32F405RGTX_FLASH.ld" --specs=nosys.specs -Wl,-Map="IrControlerDecode.map" -Wl,--gc-sections -static --specs=nano.specs -mfpu=fpv4-sp-d16 -mfloat-abi=hard -mthumb -Wl,--start-group -lc -lm -lstdc++ -lsupc++ -Wl,--end-group
Finished building target: IrControlerDecode.elf
 
arm-none-eabi-size   IrControlerDecode.elf 
arm-none-eabi-objdump -h -S  IrControlerDecode.elf  > "IrControlerDecode.list"
arm-none-eabi-objcopy  -O binary  IrControlerDecode.elf  "IrControlerDecode.bin"
   text	   data	    bss	    dec	    hex	filename
   9408	     24	   1700	  11132	   2b7c	IrControlerDecode.elf
Finished building: default.size.stdout
 
Finished building: IrControlerDecode.bin
 
Finished building: IrControlerDecode.list
 
17:20:42 **** Incremental Build of configuration Debug for project IrControlerDecode ****
make -j8 all 
arm-none-eabi-g++ "../CPP/Src/sensorIrClass.cpp" -mcpu=cortex-m4 -std=gnu++14 -g3 -DDEBUG -DUSE_HAL_DRIVER -DSTM32F405xx -c -I../Core/Inc -I../Drivers/STM32F4xx_HAL_Driver/Inc -I../Drivers/STM32F4xx_HAL_Driver/Inc/Legacy -I../Drivers/CMSIS/Device/ST/STM32F4xx/Include -I../Drivers/CMSIS/Include -I"D:/GitHub/IrReceiverDecoder/IrControlerDecode/CPP/Src" -I"D:/GitHub/IrReceiverDecoder/IrControlerDecode/CPP/Inc" -O0 -ffunction-sections -fdata-sections -fno-exceptions -fno-rtti -fno-use-cxa-atexit -Wall -fstack-usage -MMD -MP -MF"CPP/Src/sensorIrClass.d" -MT"CPP/Src/sensorIrClass.o" --specs=nano.specs -mfpu=fpv4-sp-d16 -mfloat-abi=hard -mthumb -o "CPP/Src/sensorIrClass.o"
../CPP/Src/sensorIrClass.cpp: In member function 'void SensorIR::Reset()':
../CPP/Src/sensorIrClass.cpp:59:6: error: expected ';' before '}' token
   59 |  time
      |      ^
      |      ;
   60 | }
      | ~     
../CPP/Src/sensorIrClass.cpp:59:2: warning: statement has no effect [-Wunused-value]
   59 |  time
      |  ^~~~
make: *** [CPP/Src/subdir.mk:25: CPP/Src/sensorIrClass.o] Error 1
"make -j8 all" terminated with exit code 2. Build might be incomplete.
17:21:01 **** Incremental Build of configuration Debug for project IrControlerDecode ****
make -j8 all 
arm-none-eabi-g++ "../CPP/Src/sensorIrClass.cpp" -mcpu=cortex-m4 -std=gnu++14 -g3 -DDEBUG -DUSE_HAL_DRIVER -DSTM32F405xx -c -I../Core/Inc -I../Drivers/STM32F4xx_HAL_Driver/Inc -I../Drivers/STM32F4xx_HAL_Driver/Inc/Legacy -I../Drivers/CMSIS/Device/ST/STM32F4xx/Include -I../Drivers/CMSIS/Include -I"D:/GitHub/IrReceiverDecoder/IrControlerDecode/CPP/Src" -I"D:/GitHub/IrReceiverDecoder/IrControlerDecode/CPP/Inc" -O0 -ffunction-sections -fdata-sections -fno-exceptions -fno-rtti -fno-use-cxa-atexit -Wall -fstack-usage -MMD -MP -MF"CPP/Src/sensorIrClass.d" -MT"CPP/Src/sensorIrClass.o" --specs=nano.specs -mfpu=fpv4-sp-d16 -mfloat-abi=hard -mthumb -o "CPP/Src/sensorIrClass.o"
arm-none-eabi-g++ -o "IrControlerDecode.elf" @"objects.list"   -mcpu=cortex-m4 -T"D:\GitHub\IrReceiverDecoder\IrControlerDecode\STM32F405RGTX_FLASH.ld" --specs=nosys.specs -Wl,-Map="IrControlerDecode.map" -Wl,--gc-sections -static --specs=nano.specs -mfpu=fpv4-sp-d16 -mfloat-abi=hard -mthumb -Wl,--start-group -lc -lm -lstdc++ -lsupc++ -Wl,--end-group
Finished building target: IrControlerDecode.elf
 
arm-none-eabi-size   IrControlerDecode.elf 
arm-none-eabi-objdump -h -S  IrControlerDecode.elf  > "IrControlerDecode.list"
arm-none-eabi-objcopy  -O binary  IrControlerDecode.elf  "IrControlerDecode.bin"
   text	   data	    bss	    dec	    hex	filename
   9404	     24	   1700	  11128	   2b78	IrControlerDecode.elf
Finished building: default.size.stdout
 
Finished building: IrControlerDecode.bin
 
Finished building: IrControlerDecode.list
 
17:21:54 **** Incremental Build of configuration Debug for project IrControlerDecode ****
make -j8 all 
arm-none-eabi-size   IrControlerDecode.elf 
   text	   data	    bss	    dec	    hex	filename
   9404	     24	   1700	  11128	   2b78	IrControlerDecode.elf
Finished building: default.size.stdout
 
17:22:23 **** Incremental Build of configuration Debug for project IrControlerDecode ****
make -j8 all 
arm-none-eabi-size   IrControlerDecode.elf 
   text	   data	    bss	    dec	    hex	filename
   9404	     24	   1700	  11128	   2b78	IrControlerDecode.elf
Finished building: default.size.stdout
 
17:25:21 **** Incremental Build of configuration Debug for project IrControlerDecode ****
make -j8 all 
arm-none-eabi-g++ "../CPP/Src/sensorIrClass.cpp" -mcpu=cortex-m4 -std=gnu++14 -g3 -DDEBUG -DUSE_HAL_DRIVER -DSTM32F405xx -c -I../Core/Inc -I../Drivers/STM32F4xx_HAL_Driver/Inc -I../Drivers/STM32F4xx_HAL_Driver/Inc/Legacy -I../Drivers/CMSIS/Device/ST/STM32F4xx/Include -I../Drivers/CMSIS/Include -I"D:/GitHub/IrReceiverDecoder/IrControlerDecode/CPP/Src" -I"D:/GitHub/IrReceiverDecoder/IrControlerDecode/CPP/Inc" -O0 -ffunction-sections -fdata-sections -fno-exceptions -fno-rtti -fno-use-cxa-atexit -Wall -fstack-usage -MMD -MP -MF"CPP/Src/sensorIrClass.d" -MT"CPP/Src/sensorIrClass.o" --specs=nano.specs -mfpu=fpv4-sp-d16 -mfloat-abi=hard -mthumb -o "CPP/Src/sensorIrClass.o"
arm-none-eabi-g++ -o "IrControlerDecode.elf" @"objects.list"   -mcpu=cortex-m4 -T"D:\GitHub\IrReceiverDecoder\IrControlerDecode\STM32F405RGTX_FLASH.ld" --specs=nosys.specs -Wl,-Map="IrControlerDecode.map" -Wl,--gc-sections -static --specs=nano.specs -mfpu=fpv4-sp-d16 -mfloat-abi=hard -mthumb -Wl,--start-group -lc -lm -lstdc++ -lsupc++ -Wl,--end-group
Finished building target: IrControlerDecode.elf
 
arm-none-eabi-size   IrControlerDecode.elf 
arm-none-eabi-objdump -h -S  IrControlerDecode.elf  > "IrControlerDecode.list"
arm-none-eabi-objcopy  -O binary  IrControlerDecode.elf  "IrControlerDecode.bin"
   text	   data	    bss	    dec	    hex	filename
   9424	     24	   1700	  11148	   2b8c	IrControlerDecode.elf
Finished building: default.size.stdout
 
Finished building: IrControlerDecode.bin
 
Finished building: IrControlerDecode.list
 
17:28:56 **** Incremental Build of configuration Debug for project IrControlerDecode ****
make -j8 all 
arm-none-eabi-g++ "../CPP/Src/Interruption.cpp" -mcpu=cortex-m4 -std=gnu++14 -g3 -DDEBUG -DUSE_HAL_DRIVER -DSTM32F405xx -c -I../Core/Inc -I../Drivers/STM32F4xx_HAL_Driver/Inc -I../Drivers/STM32F4xx_HAL_Driver/Inc/Legacy -I../Drivers/CMSIS/Device/ST/STM32F4xx/Include -I../Drivers/CMSIS/Include -I"D:/GitHub/IrReceiverDecoder/IrControlerDecode/CPP/Src" -I"D:/GitHub/IrReceiverDecoder/IrControlerDecode/CPP/Inc" -O0 -ffunction-sections -fdata-sections -fno-exceptions -fno-rtti -fno-use-cxa-atexit -Wall -fstack-usage -MMD -MP -MF"CPP/Src/Interruption.d" -MT"CPP/Src/Interruption.o" --specs=nano.specs -mfpu=fpv4-sp-d16 -mfloat-abi=hard -mthumb -o "CPP/Src/Interruption.o"
arm-none-eabi-g++ "../CPP/Src/mainCpp.cpp" -mcpu=cortex-m4 -std=gnu++14 -g3 -DDEBUG -DUSE_HAL_DRIVER -DSTM32F405xx -c -I../Core/Inc -I../Drivers/STM32F4xx_HAL_Driver/Inc -I../Drivers/STM32F4xx_HAL_Driver/Inc/Legacy -I../Drivers/CMSIS/Device/ST/STM32F4xx/Include -I../Drivers/CMSIS/Include -I"D:/GitHub/IrReceiverDecoder/IrControlerDecode/CPP/Src" -I"D:/GitHub/IrReceiverDecoder/IrControlerDecode/CPP/Inc" -O0 -ffunction-sections -fdata-sections -fno-exceptions -fno-rtti -fno-use-cxa-atexit -Wall -fstack-usage -MMD -MP -MF"CPP/Src/mainCpp.d" -MT"CPP/Src/mainCpp.o" --specs=nano.specs -mfpu=fpv4-sp-d16 -mfloat-abi=hard -mthumb -o "CPP/Src/mainCpp.o"
arm-none-eabi-g++ "../CPP/Src/sensorIrClass.cpp" -mcpu=cortex-m4 -std=gnu++14 -g3 -DDEBUG -DUSE_HAL_DRIVER -DSTM32F405xx -c -I../Core/Inc -I../Drivers/STM32F4xx_HAL_Driver/Inc -I../Drivers/STM32F4xx_HAL_Driver/Inc/Legacy -I../Drivers/CMSIS/Device/ST/STM32F4xx/Include -I../Drivers/CMSIS/Include -I"D:/GitHub/IrReceiverDecoder/IrControlerDecode/CPP/Src" -I"D:/GitHub/IrReceiverDecoder/IrControlerDecode/CPP/Inc" -O0 -ffunction-sections -fdata-sections -fno-exceptions -fno-rtti -fno-use-cxa-atexit -Wall -fstack-usage -MMD -MP -MF"CPP/Src/sensorIrClass.d" -MT"CPP/Src/sensorIrClass.o" --specs=nano.specs -mfpu=fpv4-sp-d16 -mfloat-abi=hard -mthumb -o "CPP/Src/sensorIrClass.o"
../CPP/Src/sensorIrClass.cpp: In member function 'void SensorIR::Reset()':
../CPP/Src/sensorIrClass.cpp:55:24: warning: pointer to a function used in arithmetic [-Wpointer-arith]
   55 |   finalSignal = micros - StartfinalSignal;
      |                 ~~~~~~~^~~~~~~~~~~~~~~~~~
../CPP/Src/sensorIrClass.cpp:55:24: error: invalid conversion from 'uint32_t (*)()' {aka 'long unsigned int (*)()'} to 'uint32_t' {aka 'long unsigned int'} [-fpermissive]
make: *** [CPP/Src/subdir.mk:25: CPP/Src/sensorIrClass.o] Error 1
make: *** Waiting for unfinished jobs....
"make -j8 all" terminated with exit code 2. Build might be incomplete.
17:29:06 **** Incremental Build of configuration Debug for project IrControlerDecode ****
make -j8 all 
arm-none-eabi-g++ "../CPP/Src/sensorIrClass.cpp" -mcpu=cortex-m4 -std=gnu++14 -g3 -DDEBUG -DUSE_HAL_DRIVER -DSTM32F405xx -c -I../Core/Inc -I../Drivers/STM32F4xx_HAL_Driver/Inc -I../Drivers/STM32F4xx_HAL_Driver/Inc/Legacy -I../Drivers/CMSIS/Device/ST/STM32F4xx/Include -I../Drivers/CMSIS/Include -I"D:/GitHub/IrReceiverDecoder/IrControlerDecode/CPP/Src" -I"D:/GitHub/IrReceiverDecoder/IrControlerDecode/CPP/Inc" -O0 -ffunction-sections -fdata-sections -fno-exceptions -fno-rtti -fno-use-cxa-atexit -Wall -fstack-usage -MMD -MP -MF"CPP/Src/sensorIrClass.d" -MT"CPP/Src/sensorIrClass.o" --specs=nano.specs -mfpu=fpv4-sp-d16 -mfloat-abi=hard -mthumb -o "CPP/Src/sensorIrClass.o"
arm-none-eabi-g++ -o "IrControlerDecode.elf" @"objects.list"   -mcpu=cortex-m4 -T"D:\GitHub\IrReceiverDecoder\IrControlerDecode\STM32F405RGTX_FLASH.ld" --specs=nosys.specs -Wl,-Map="IrControlerDecode.map" -Wl,--gc-sections -static --specs=nano.specs -mfpu=fpv4-sp-d16 -mfloat-abi=hard -mthumb -Wl,--start-group -lc -lm -lstdc++ -lsupc++ -Wl,--end-group
Finished building target: IrControlerDecode.elf
 
arm-none-eabi-size   IrControlerDecode.elf 
arm-none-eabi-objdump -h -S  IrControlerDecode.elf  > "IrControlerDecode.list"
arm-none-eabi-objcopy  -O binary  IrControlerDecode.elf  "IrControlerDecode.bin"
   text	   data	    bss	    dec	    hex	filename
   9456	     24	   1708	  11188	   2bb4	IrControlerDecode.elf
Finished building: default.size.stdout
 
Finished building: IrControlerDecode.bin
 
Finished building: IrControlerDecode.list
 
17:48:18 **** Incremental Build of configuration Debug for project IrControlerDecode ****
make -j8 all 
arm-none-eabi-g++ "../CPP/Src/sensorIrClass.cpp" -mcpu=cortex-m4 -std=gnu++14 -g3 -DDEBUG -DUSE_HAL_DRIVER -DSTM32F405xx -c -I../Core/Inc -I../Drivers/STM32F4xx_HAL_Driver/Inc -I../Drivers/STM32F4xx_HAL_Driver/Inc/Legacy -I../Drivers/CMSIS/Device/ST/STM32F4xx/Include -I../Drivers/CMSIS/Include -I"D:/GitHub/IrReceiverDecoder/IrControlerDecode/CPP/Src" -I"D:/GitHub/IrReceiverDecoder/IrControlerDecode/CPP/Inc" -O0 -ffunction-sections -fdata-sections -fno-exceptions -fno-rtti -fno-use-cxa-atexit -Wall -fstack-usage -MMD -MP -MF"CPP/Src/sensorIrClass.d" -MT"CPP/Src/sensorIrClass.o" --specs=nano.specs -mfpu=fpv4-sp-d16 -mfloat-abi=hard -mthumb -o "CPP/Src/sensorIrClass.o"
arm-none-eabi-g++ -o "IrControlerDecode.elf" @"objects.list"   -mcpu=cortex-m4 -T"D:\GitHub\IrReceiverDecoder\IrControlerDecode\STM32F405RGTX_FLASH.ld" --specs=nosys.specs -Wl,-Map="IrControlerDecode.map" -Wl,--gc-sections -static --specs=nano.specs -mfpu=fpv4-sp-d16 -mfloat-abi=hard -mthumb -Wl,--start-group -lc -lm -lstdc++ -lsupc++ -Wl,--end-group
Finished building target: IrControlerDecode.elf
 
arm-none-eabi-size   IrControlerDecode.elf 
arm-none-eabi-objdump -h -S  IrControlerDecode.elf  > "IrControlerDecode.list"
arm-none-eabi-objcopy  -O binary  IrControlerDecode.elf  "IrControlerDecode.bin"
   text	   data	    bss	    dec	    hex	filename
   9464	     24	   1708	  11196	   2bbc	IrControlerDecode.elf
Finished building: default.size.stdout
 
Finished building: IrControlerDecode.bin
 
Finished building: IrControlerDecode.list
 
17:52:18 **** Incremental Build of configuration Debug for project IrControlerDecode ****
make -j8 all 
arm-none-eabi-g++ "../CPP/Src/sensorIrClass.cpp" -mcpu=cortex-m4 -std=gnu++14 -g3 -DDEBUG -DUSE_HAL_DRIVER -DSTM32F405xx -c -I../Core/Inc -I../Drivers/STM32F4xx_HAL_Driver/Inc -I../Drivers/STM32F4xx_HAL_Driver/Inc/Legacy -I../Drivers/CMSIS/Device/ST/STM32F4xx/Include -I../Drivers/CMSIS/Include -I"D:/GitHub/IrReceiverDecoder/IrControlerDecode/CPP/Src" -I"D:/GitHub/IrReceiverDecoder/IrControlerDecode/CPP/Inc" -O0 -ffunction-sections -fdata-sections -fno-exceptions -fno-rtti -fno-use-cxa-atexit -Wall -fstack-usage -MMD -MP -MF"CPP/Src/sensorIrClass.d" -MT"CPP/Src/sensorIrClass.o" --specs=nano.specs -mfpu=fpv4-sp-d16 -mfloat-abi=hard -mthumb -o "CPP/Src/sensorIrClass.o"
arm-none-eabi-g++ -o "IrControlerDecode.elf" @"objects.list"   -mcpu=cortex-m4 -T"D:\GitHub\IrReceiverDecoder\IrControlerDecode\STM32F405RGTX_FLASH.ld" --specs=nosys.specs -Wl,-Map="IrControlerDecode.map" -Wl,--gc-sections -static --specs=nano.specs -mfpu=fpv4-sp-d16 -mfloat-abi=hard -mthumb -Wl,--start-group -lc -lm -lstdc++ -lsupc++ -Wl,--end-group
Finished building target: IrControlerDecode.elf
 
arm-none-eabi-size   IrControlerDecode.elf 
arm-none-eabi-objdump -h -S  IrControlerDecode.elf  > "IrControlerDecode.list"
arm-none-eabi-objcopy  -O binary  IrControlerDecode.elf  "IrControlerDecode.bin"
   text	   data	    bss	    dec	    hex	filename
   9480	     24	   1708	  11212	   2bcc	IrControlerDecode.elf
Finished building: default.size.stdout
 
Finished building: IrControlerDecode.bin
 
Finished building: IrControlerDecode.list
 
17:54:02 **** Incremental Build of configuration Debug for project IrControlerDecode ****
make -j8 all 
arm-none-eabi-g++ "../CPP/Src/sensorIrClass.cpp" -mcpu=cortex-m4 -std=gnu++14 -g3 -DDEBUG -DUSE_HAL_DRIVER -DSTM32F405xx -c -I../Core/Inc -I../Drivers/STM32F4xx_HAL_Driver/Inc -I../Drivers/STM32F4xx_HAL_Driver/Inc/Legacy -I../Drivers/CMSIS/Device/ST/STM32F4xx/Include -I../Drivers/CMSIS/Include -I"D:/GitHub/IrReceiverDecoder/IrControlerDecode/CPP/Src" -I"D:/GitHub/IrReceiverDecoder/IrControlerDecode/CPP/Inc" -O0 -ffunction-sections -fdata-sections -fno-exceptions -fno-rtti -fno-use-cxa-atexit -Wall -fstack-usage -MMD -MP -MF"CPP/Src/sensorIrClass.d" -MT"CPP/Src/sensorIrClass.o" --specs=nano.specs -mfpu=fpv4-sp-d16 -mfloat-abi=hard -mthumb -o "CPP/Src/sensorIrClass.o"
arm-none-eabi-g++ -o "IrControlerDecode.elf" @"objects.list"   -mcpu=cortex-m4 -T"D:\GitHub\IrReceiverDecoder\IrControlerDecode\STM32F405RGTX_FLASH.ld" --specs=nosys.specs -Wl,-Map="IrControlerDecode.map" -Wl,--gc-sections -static --specs=nano.specs -mfpu=fpv4-sp-d16 -mfloat-abi=hard -mthumb -Wl,--start-group -lc -lm -lstdc++ -lsupc++ -Wl,--end-group
Finished building target: IrControlerDecode.elf
 
arm-none-eabi-size   IrControlerDecode.elf 
arm-none-eabi-objdump -h -S  IrControlerDecode.elf  > "IrControlerDecode.list"
arm-none-eabi-objcopy  -O binary  IrControlerDecode.elf  "IrControlerDecode.bin"
   text	   data	    bss	    dec	    hex	filename
   9480	     24	   1708	  11212	   2bcc	IrControlerDecode.elf
Finished building: default.size.stdout
 
Finished building: IrControlerDecode.bin
 
Finished building: IrControlerDecode.list
 
17:55:16 **** Incremental Build of configuration Debug for project IrControlerDecode ****
make -j8 all 
arm-none-eabi-g++ "../CPP/Src/sensorIrClass.cpp" -mcpu=cortex-m4 -std=gnu++14 -g3 -DDEBUG -DUSE_HAL_DRIVER -DSTM32F405xx -c -I../Core/Inc -I../Drivers/STM32F4xx_HAL_Driver/Inc -I../Drivers/STM32F4xx_HAL_Driver/Inc/Legacy -I../Drivers/CMSIS/Device/ST/STM32F4xx/Include -I../Drivers/CMSIS/Include -I"D:/GitHub/IrReceiverDecoder/IrControlerDecode/CPP/Src" -I"D:/GitHub/IrReceiverDecoder/IrControlerDecode/CPP/Inc" -O0 -ffunction-sections -fdata-sections -fno-exceptions -fno-rtti -fno-use-cxa-atexit -Wall -fstack-usage -MMD -MP -MF"CPP/Src/sensorIrClass.d" -MT"CPP/Src/sensorIrClass.o" --specs=nano.specs -mfpu=fpv4-sp-d16 -mfloat-abi=hard -mthumb -o "CPP/Src/sensorIrClass.o"
arm-none-eabi-g++ -o "IrControlerDecode.elf" @"objects.list"   -mcpu=cortex-m4 -T"D:\GitHub\IrReceiverDecoder\IrControlerDecode\STM32F405RGTX_FLASH.ld" --specs=nosys.specs -Wl,-Map="IrControlerDecode.map" -Wl,--gc-sections -static --specs=nano.specs -mfpu=fpv4-sp-d16 -mfloat-abi=hard -mthumb -Wl,--start-group -lc -lm -lstdc++ -lsupc++ -Wl,--end-group
Finished building target: IrControlerDecode.elf
 
arm-none-eabi-size   IrControlerDecode.elf 
arm-none-eabi-objdump -h -S  IrControlerDecode.elf  > "IrControlerDecode.list"
arm-none-eabi-objcopy  -O binary  IrControlerDecode.elf  "IrControlerDecode.bin"
   text	   data	    bss	    dec	    hex	filename
   9480	     24	   1708	  11212	   2bcc	IrControlerDecode.elf
Finished building: default.size.stdout
 
Finished building: IrControlerDecode.bin
 
Finished building: IrControlerDecode.list
 
17:56:06 **** Incremental Build of configuration Debug for project IrControlerDecode ****
make -j8 all 
arm-none-eabi-g++ "../CPP/Src/sensorIrClass.cpp" -mcpu=cortex-m4 -std=gnu++14 -g3 -DDEBUG -DUSE_HAL_DRIVER -DSTM32F405xx -c -I../Core/Inc -I../Drivers/STM32F4xx_HAL_Driver/Inc -I../Drivers/STM32F4xx_HAL_Driver/Inc/Legacy -I../Drivers/CMSIS/Device/ST/STM32F4xx/Include -I../Drivers/CMSIS/Include -I"D:/GitHub/IrReceiverDecoder/IrControlerDecode/CPP/Src" -I"D:/GitHub/IrReceiverDecoder/IrControlerDecode/CPP/Inc" -O0 -ffunction-sections -fdata-sections -fno-exceptions -fno-rtti -fno-use-cxa-atexit -Wall -fstack-usage -MMD -MP -MF"CPP/Src/sensorIrClass.d" -MT"CPP/Src/sensorIrClass.o" --specs=nano.specs -mfpu=fpv4-sp-d16 -mfloat-abi=hard -mthumb -o "CPP/Src/sensorIrClass.o"
arm-none-eabi-g++ -o "IrControlerDecode.elf" @"objects.list"   -mcpu=cortex-m4 -T"D:\GitHub\IrReceiverDecoder\IrControlerDecode\STM32F405RGTX_FLASH.ld" --specs=nosys.specs -Wl,-Map="IrControlerDecode.map" -Wl,--gc-sections -static --specs=nano.specs -mfpu=fpv4-sp-d16 -mfloat-abi=hard -mthumb -Wl,--start-group -lc -lm -lstdc++ -lsupc++ -Wl,--end-group
Finished building target: IrControlerDecode.elf
 
arm-none-eabi-size   IrControlerDecode.elf 
arm-none-eabi-objdump -h -S  IrControlerDecode.elf  > "IrControlerDecode.list"
arm-none-eabi-objcopy  -O binary  IrControlerDecode.elf  "IrControlerDecode.bin"
   text	   data	    bss	    dec	    hex	filename
   9480	     24	   1708	  11212	   2bcc	IrControlerDecode.elf
Finished building: default.size.stdout
 
Finished building: IrControlerDecode.bin
 
Finished building: IrControlerDecode.list
 
17:56:20 **** Incremental Build of configuration Debug for project IrControlerDecode ****
make -j8 all 
arm-none-eabi-size   IrControlerDecode.elf 
   text	   data	    bss	    dec	    hex	filename
   9480	     24	   1708	  11212	   2bcc	IrControlerDecode.elf
Finished building: default.size.stdout
 
17:57:42 **** Incremental Build of configuration Debug for project IrControlerDecode ****
make -j8 all 
arm-none-eabi-g++ "../CPP/Src/sensorIrClass.cpp" -mcpu=cortex-m4 -std=gnu++14 -g3 -DDEBUG -DUSE_HAL_DRIVER -DSTM32F405xx -c -I../Core/Inc -I../Drivers/STM32F4xx_HAL_Driver/Inc -I../Drivers/STM32F4xx_HAL_Driver/Inc/Legacy -I../Drivers/CMSIS/Device/ST/STM32F4xx/Include -I../Drivers/CMSIS/Include -I"D:/GitHub/IrReceiverDecoder/IrControlerDecode/CPP/Src" -I"D:/GitHub/IrReceiverDecoder/IrControlerDecode/CPP/Inc" -O0 -ffunction-sections -fdata-sections -fno-exceptions -fno-rtti -fno-use-cxa-atexit -Wall -fstack-usage -MMD -MP -MF"CPP/Src/sensorIrClass.d" -MT"CPP/Src/sensorIrClass.o" --specs=nano.specs -mfpu=fpv4-sp-d16 -mfloat-abi=hard -mthumb -o "CPP/Src/sensorIrClass.o"
arm-none-eabi-g++ -o "IrControlerDecode.elf" @"objects.list"   -mcpu=cortex-m4 -T"D:\GitHub\IrReceiverDecoder\IrControlerDecode\STM32F405RGTX_FLASH.ld" --specs=nosys.specs -Wl,-Map="IrControlerDecode.map" -Wl,--gc-sections -static --specs=nano.specs -mfpu=fpv4-sp-d16 -mfloat-abi=hard -mthumb -Wl,--start-group -lc -lm -lstdc++ -lsupc++ -Wl,--end-group
Finished building target: IrControlerDecode.elf
 
arm-none-eabi-size   IrControlerDecode.elf 
arm-none-eabi-objdump -h -S  IrControlerDecode.elf  > "IrControlerDecode.list"
arm-none-eabi-objcopy  -O binary  IrControlerDecode.elf  "IrControlerDecode.bin"
   text	   data	    bss	    dec	    hex	filename
   9488	     24	   1708	  11220	   2bd4	IrControlerDecode.elf
Finished building: default.size.stdout
 
Finished building: IrControlerDecode.bin
 
Finished building: IrControlerDecode.list
 
17:59:17 **** Incremental Build of configuration Debug for project IrControlerDecode ****
make -j8 all 
arm-none-eabi-g++ "../CPP/Src/sensorIrClass.cpp" -mcpu=cortex-m4 -std=gnu++14 -g3 -DDEBUG -DUSE_HAL_DRIVER -DSTM32F405xx -c -I../Core/Inc -I../Drivers/STM32F4xx_HAL_Driver/Inc -I../Drivers/STM32F4xx_HAL_Driver/Inc/Legacy -I../Drivers/CMSIS/Device/ST/STM32F4xx/Include -I../Drivers/CMSIS/Include -I"D:/GitHub/IrReceiverDecoder/IrControlerDecode/CPP/Src" -I"D:/GitHub/IrReceiverDecoder/IrControlerDecode/CPP/Inc" -O0 -ffunction-sections -fdata-sections -fno-exceptions -fno-rtti -fno-use-cxa-atexit -Wall -fstack-usage -MMD -MP -MF"CPP/Src/sensorIrClass.d" -MT"CPP/Src/sensorIrClass.o" --specs=nano.specs -mfpu=fpv4-sp-d16 -mfloat-abi=hard -mthumb -o "CPP/Src/sensorIrClass.o"
arm-none-eabi-g++ -o "IrControlerDecode.elf" @"objects.list"   -mcpu=cortex-m4 -T"D:\GitHub\IrReceiverDecoder\IrControlerDecode\STM32F405RGTX_FLASH.ld" --specs=nosys.specs -Wl,-Map="IrControlerDecode.map" -Wl,--gc-sections -static --specs=nano.specs -mfpu=fpv4-sp-d16 -mfloat-abi=hard -mthumb -Wl,--start-group -lc -lm -lstdc++ -lsupc++ -Wl,--end-group
Finished building target: IrControlerDecode.elf
 
arm-none-eabi-size   IrControlerDecode.elf 
arm-none-eabi-objdump -h -S  IrControlerDecode.elf  > "IrControlerDecode.list"
arm-none-eabi-objcopy  -O binary  IrControlerDecode.elf  "IrControlerDecode.bin"
   text	   data	    bss	    dec	    hex	filename
   9488	     24	   1708	  11220	   2bd4	IrControlerDecode.elf
Finished building: default.size.stdout
 
Finished building: IrControlerDecode.bin
 
Finished building: IrControlerDecode.list
 
18:00:45 **** Incremental Build of configuration Debug for project IrControlerDecode ****
make -j8 all 
arm-none-eabi-g++ "../CPP/Src/sensorIrClass.cpp" -mcpu=cortex-m4 -std=gnu++14 -g3 -DDEBUG -DUSE_HAL_DRIVER -DSTM32F405xx -c -I../Core/Inc -I../Drivers/STM32F4xx_HAL_Driver/Inc -I../Drivers/STM32F4xx_HAL_Driver/Inc/Legacy -I../Drivers/CMSIS/Device/ST/STM32F4xx/Include -I../Drivers/CMSIS/Include -I"D:/GitHub/IrReceiverDecoder/IrControlerDecode/CPP/Src" -I"D:/GitHub/IrReceiverDecoder/IrControlerDecode/CPP/Inc" -O0 -ffunction-sections -fdata-sections -fno-exceptions -fno-rtti -fno-use-cxa-atexit -Wall -fstack-usage -MMD -MP -MF"CPP/Src/sensorIrClass.d" -MT"CPP/Src/sensorIrClass.o" --specs=nano.specs -mfpu=fpv4-sp-d16 -mfloat-abi=hard -mthumb -o "CPP/Src/sensorIrClass.o"
arm-none-eabi-g++ -o "IrControlerDecode.elf" @"objects.list"   -mcpu=cortex-m4 -T"D:\GitHub\IrReceiverDecoder\IrControlerDecode\STM32F405RGTX_FLASH.ld" --specs=nosys.specs -Wl,-Map="IrControlerDecode.map" -Wl,--gc-sections -static --specs=nano.specs -mfpu=fpv4-sp-d16 -mfloat-abi=hard -mthumb -Wl,--start-group -lc -lm -lstdc++ -lsupc++ -Wl,--end-group
Finished building target: IrControlerDecode.elf
 
arm-none-eabi-size   IrControlerDecode.elf 
arm-none-eabi-objdump -h -S  IrControlerDecode.elf  > "IrControlerDecode.list"
arm-none-eabi-objcopy  -O binary  IrControlerDecode.elf  "IrControlerDecode.bin"
   text	   data	    bss	    dec	    hex	filename
   9480	     24	   1708	  11212	   2bcc	IrControlerDecode.elf
Finished building: default.size.stdout
 
Finished building: IrControlerDecode.bin
 
Finished building: IrControlerDecode.list
 
20:16:09 **** Incremental Build of configuration Debug for project IrControlerDecode ****
make -j8 all 
arm-none-eabi-g++ "../CPP/Src/sensorIrClass.cpp" -mcpu=cortex-m4 -std=gnu++14 -g3 -DDEBUG -DUSE_HAL_DRIVER -DSTM32F405xx -c -I../Core/Inc -I../Drivers/STM32F4xx_HAL_Driver/Inc -I../Drivers/STM32F4xx_HAL_Driver/Inc/Legacy -I../Drivers/CMSIS/Device/ST/STM32F4xx/Include -I../Drivers/CMSIS/Include -I"D:/GitHub/IrReceiverDecoder/IrControlerDecode/CPP/Src" -I"D:/GitHub/IrReceiverDecoder/IrControlerDecode/CPP/Inc" -O0 -ffunction-sections -fdata-sections -fno-exceptions -fno-rtti -fno-use-cxa-atexit -Wall -fstack-usage -MMD -MP -MF"CPP/Src/sensorIrClass.d" -MT"CPP/Src/sensorIrClass.o" --specs=nano.specs -mfpu=fpv4-sp-d16 -mfloat-abi=hard -mthumb -o "CPP/Src/sensorIrClass.o"
arm-none-eabi-g++ -o "IrControlerDecode.elf" @"objects.list"   -mcpu=cortex-m4 -T"D:\GitHub\IrReceiverDecoder\IrControlerDecode\STM32F405RGTX_FLASH.ld" --specs=nosys.specs -Wl,-Map="IrControlerDecode.map" -Wl,--gc-sections -static --specs=nano.specs -mfpu=fpv4-sp-d16 -mfloat-abi=hard -mthumb -Wl,--start-group -lc -lm -lstdc++ -lsupc++ -Wl,--end-group
Finished building target: IrControlerDecode.elf
 
arm-none-eabi-size   IrControlerDecode.elf 
arm-none-eabi-objdump -h -S  IrControlerDecode.elf  > "IrControlerDecode.list"
arm-none-eabi-objcopy  -O binary  IrControlerDecode.elf  "IrControlerDecode.bin"
   text	   data	    bss	    dec	    hex	filename
   9496	     24	   1708	  11228	   2bdc	IrControlerDecode.elf
Finished building: default.size.stdout
 
Finished building: IrControlerDecode.bin
 
Finished building: IrControlerDecode.list
 
20:17:16 **** Incremental Build of configuration Debug for project IrControlerDecode ****
make -j8 all 
arm-none-eabi-size   IrControlerDecode.elf 
   text	   data	    bss	    dec	    hex	filename
   9496	     24	   1708	  11228	   2bdc	IrControlerDecode.elf
Finished building: default.size.stdout
 
20:17:26 **** Incremental Build of configuration Debug for project IrControlerDecode ****
make -j8 all 
arm-none-eabi-size   IrControlerDecode.elf 
   text	   data	    bss	    dec	    hex	filename
   9496	     24	   1708	  11228	   2bdc	IrControlerDecode.elf
Finished building: default.size.stdout
 
20:18:15 **** Incremental Build of configuration Debug for project IrControlerDecode ****
make -j8 all 
arm-none-eabi-size   IrControlerDecode.elf 
   text	   data	    bss	    dec	    hex	filename
   9496	     24	   1708	  11228	   2bdc	IrControlerDecode.elf
Finished building: default.size.stdout
 
20:18:48 **** Incremental Build of configuration Debug for project IrControlerDecode ****
make -j8 all 
arm-none-eabi-size   IrControlerDecode.elf 
   text	   data	    bss	    dec	    hex	filename
   9496	     24	   1708	  11228	   2bdc	IrControlerDecode.elf
Finished building: default.size.stdout
 
20:20:19 **** Incremental Build of configuration Debug for project IrControlerDecode ****
make -j8 all 
arm-none-eabi-g++ "../CPP/Src/sensorIrClass.cpp" -mcpu=cortex-m4 -std=gnu++14 -g3 -DDEBUG -DUSE_HAL_DRIVER -DSTM32F405xx -c -I../Core/Inc -I../Drivers/STM32F4xx_HAL_Driver/Inc -I../Drivers/STM32F4xx_HAL_Driver/Inc/Legacy -I../Drivers/CMSIS/Device/ST/STM32F4xx/Include -I../Drivers/CMSIS/Include -I"D:/GitHub/IrReceiverDecoder/IrControlerDecode/CPP/Src" -I"D:/GitHub/IrReceiverDecoder/IrControlerDecode/CPP/Inc" -O0 -ffunction-sections -fdata-sections -fno-exceptions -fno-rtti -fno-use-cxa-atexit -Wall -fstack-usage -MMD -MP -MF"CPP/Src/sensorIrClass.d" -MT"CPP/Src/sensorIrClass.o" --specs=nano.specs -mfpu=fpv4-sp-d16 -mfloat-abi=hard -mthumb -o "CPP/Src/sensorIrClass.o"
arm-none-eabi-g++ -o "IrControlerDecode.elf" @"objects.list"   -mcpu=cortex-m4 -T"D:\GitHub\IrReceiverDecoder\IrControlerDecode\STM32F405RGTX_FLASH.ld" --specs=nosys.specs -Wl,-Map="IrControlerDecode.map" -Wl,--gc-sections -static --specs=nano.specs -mfpu=fpv4-sp-d16 -mfloat-abi=hard -mthumb -Wl,--start-group -lc -lm -lstdc++ -lsupc++ -Wl,--end-group
Finished building target: IrControlerDecode.elf
 
arm-none-eabi-size   IrControlerDecode.elf 
arm-none-eabi-objdump -h -S  IrControlerDecode.elf  > "IrControlerDecode.list"
arm-none-eabi-objcopy  -O binary  IrControlerDecode.elf  "IrControlerDecode.bin"
   text	   data	    bss	    dec	    hex	filename
   9496	     24	   1708	  11228	   2bdc	IrControlerDecode.elf
Finished building: default.size.stdout
 
Finished building: IrControlerDecode.bin
 
Finished building: IrControlerDecode.list
 
20:22:29 **** Incremental Build of configuration Debug for project IrControlerDecode ****
make -j8 all 
arm-none-eabi-g++ "../CPP/Src/sensorIrClass.cpp" -mcpu=cortex-m4 -std=gnu++14 -g3 -DDEBUG -DUSE_HAL_DRIVER -DSTM32F405xx -c -I../Core/Inc -I../Drivers/STM32F4xx_HAL_Driver/Inc -I../Drivers/STM32F4xx_HAL_Driver/Inc/Legacy -I../Drivers/CMSIS/Device/ST/STM32F4xx/Include -I../Drivers/CMSIS/Include -I"D:/GitHub/IrReceiverDecoder/IrControlerDecode/CPP/Src" -I"D:/GitHub/IrReceiverDecoder/IrControlerDecode/CPP/Inc" -O0 -ffunction-sections -fdata-sections -fno-exceptions -fno-rtti -fno-use-cxa-atexit -Wall -fstack-usage -MMD -MP -MF"CPP/Src/sensorIrClass.d" -MT"CPP/Src/sensorIrClass.o" --specs=nano.specs -mfpu=fpv4-sp-d16 -mfloat-abi=hard -mthumb -o "CPP/Src/sensorIrClass.o"
arm-none-eabi-g++ -o "IrControlerDecode.elf" @"objects.list"   -mcpu=cortex-m4 -T"D:\GitHub\IrReceiverDecoder\IrControlerDecode\STM32F405RGTX_FLASH.ld" --specs=nosys.specs -Wl,-Map="IrControlerDecode.map" -Wl,--gc-sections -static --specs=nano.specs -mfpu=fpv4-sp-d16 -mfloat-abi=hard -mthumb -Wl,--start-group -lc -lm -lstdc++ -lsupc++ -Wl,--end-group
Finished building target: IrControlerDecode.elf
 
arm-none-eabi-size   IrControlerDecode.elf 
arm-none-eabi-objdump -h -S  IrControlerDecode.elf  > "IrControlerDecode.list"
arm-none-eabi-objcopy  -O binary  IrControlerDecode.elf  "IrControlerDecode.bin"
   text	   data	    bss	    dec	    hex	filename
   9484	     24	   1708	  11216	   2bd0	IrControlerDecode.elf
Finished building: default.size.stdout
 
Finished building: IrControlerDecode.bin
 
Finished building: IrControlerDecode.list
 
20:23:20 **** Incremental Build of configuration Debug for project IrControlerDecode ****
make -j8 all 
arm-none-eabi-g++ "../CPP/Src/sensorIrClass.cpp" -mcpu=cortex-m4 -std=gnu++14 -g3 -DDEBUG -DUSE_HAL_DRIVER -DSTM32F405xx -c -I../Core/Inc -I../Drivers/STM32F4xx_HAL_Driver/Inc -I../Drivers/STM32F4xx_HAL_Driver/Inc/Legacy -I../Drivers/CMSIS/Device/ST/STM32F4xx/Include -I../Drivers/CMSIS/Include -I"D:/GitHub/IrReceiverDecoder/IrControlerDecode/CPP/Src" -I"D:/GitHub/IrReceiverDecoder/IrControlerDecode/CPP/Inc" -O0 -ffunction-sections -fdata-sections -fno-exceptions -fno-rtti -fno-use-cxa-atexit -Wall -fstack-usage -MMD -MP -MF"CPP/Src/sensorIrClass.d" -MT"CPP/Src/sensorIrClass.o" --specs=nano.specs -mfpu=fpv4-sp-d16 -mfloat-abi=hard -mthumb -o "CPP/Src/sensorIrClass.o"
arm-none-eabi-g++ -o "IrControlerDecode.elf" @"objects.list"   -mcpu=cortex-m4 -T"D:\GitHub\IrReceiverDecoder\IrControlerDecode\STM32F405RGTX_FLASH.ld" --specs=nosys.specs -Wl,-Map="IrControlerDecode.map" -Wl,--gc-sections -static --specs=nano.specs -mfpu=fpv4-sp-d16 -mfloat-abi=hard -mthumb -Wl,--start-group -lc -lm -lstdc++ -lsupc++ -Wl,--end-group
Finished building target: IrControlerDecode.elf
 
arm-none-eabi-size   IrControlerDecode.elf 
arm-none-eabi-objdump -h -S  IrControlerDecode.elf  > "IrControlerDecode.list"
arm-none-eabi-objcopy  -O binary  IrControlerDecode.elf  "IrControlerDecode.bin"
   text	   data	    bss	    dec	    hex	filename
   9464	     24	   1708	  11196	   2bbc	IrControlerDecode.elf
Finished building: default.size.stdout
 
Finished building: IrControlerDecode.bin
 
Finished building: IrControlerDecode.list
 
20:24:30 **** Incremental Build of configuration Debug for project IrControlerDecode ****
make -j8 all 
arm-none-eabi-g++ "../CPP/Src/sensorIrClass.cpp" -mcpu=cortex-m4 -std=gnu++14 -g3 -DDEBUG -DUSE_HAL_DRIVER -DSTM32F405xx -c -I../Core/Inc -I../Drivers/STM32F4xx_HAL_Driver/Inc -I../Drivers/STM32F4xx_HAL_Driver/Inc/Legacy -I../Drivers/CMSIS/Device/ST/STM32F4xx/Include -I../Drivers/CMSIS/Include -I"D:/GitHub/IrReceiverDecoder/IrControlerDecode/CPP/Src" -I"D:/GitHub/IrReceiverDecoder/IrControlerDecode/CPP/Inc" -O0 -ffunction-sections -fdata-sections -fno-exceptions -fno-rtti -fno-use-cxa-atexit -Wall -fstack-usage -MMD -MP -MF"CPP/Src/sensorIrClass.d" -MT"CPP/Src/sensorIrClass.o" --specs=nano.specs -mfpu=fpv4-sp-d16 -mfloat-abi=hard -mthumb -o "CPP/Src/sensorIrClass.o"
arm-none-eabi-g++ -o "IrControlerDecode.elf" @"objects.list"   -mcpu=cortex-m4 -T"D:\GitHub\IrReceiverDecoder\IrControlerDecode\STM32F405RGTX_FLASH.ld" --specs=nosys.specs -Wl,-Map="IrControlerDecode.map" -Wl,--gc-sections -static --specs=nano.specs -mfpu=fpv4-sp-d16 -mfloat-abi=hard -mthumb -Wl,--start-group -lc -lm -lstdc++ -lsupc++ -Wl,--end-group
Finished building target: IrControlerDecode.elf
 
arm-none-eabi-size   IrControlerDecode.elf 
arm-none-eabi-objdump -h -S  IrControlerDecode.elf  > "IrControlerDecode.list"
arm-none-eabi-objcopy  -O binary  IrControlerDecode.elf  "IrControlerDecode.bin"
   text	   data	    bss	    dec	    hex	filename
   9440	     24	   1708	  11172	   2ba4	IrControlerDecode.elf
Finished building: default.size.stdout
 
Finished building: IrControlerDecode.bin
 
Finished building: IrControlerDecode.list
 
20:25:09 **** Incremental Build of configuration Debug for project IrControlerDecode ****
make -j8 all 
arm-none-eabi-g++ "../CPP/Src/sensorIrClass.cpp" -mcpu=cortex-m4 -std=gnu++14 -g3 -DDEBUG -DUSE_HAL_DRIVER -DSTM32F405xx -c -I../Core/Inc -I../Drivers/STM32F4xx_HAL_Driver/Inc -I../Drivers/STM32F4xx_HAL_Driver/Inc/Legacy -I../Drivers/CMSIS/Device/ST/STM32F4xx/Include -I../Drivers/CMSIS/Include -I"D:/GitHub/IrReceiverDecoder/IrControlerDecode/CPP/Src" -I"D:/GitHub/IrReceiverDecoder/IrControlerDecode/CPP/Inc" -O0 -ffunction-sections -fdata-sections -fno-exceptions -fno-rtti -fno-use-cxa-atexit -Wall -fstack-usage -MMD -MP -MF"CPP/Src/sensorIrClass.d" -MT"CPP/Src/sensorIrClass.o" --specs=nano.specs -mfpu=fpv4-sp-d16 -mfloat-abi=hard -mthumb -o "CPP/Src/sensorIrClass.o"
arm-none-eabi-g++ -o "IrControlerDecode.elf" @"objects.list"   -mcpu=cortex-m4 -T"D:\GitHub\IrReceiverDecoder\IrControlerDecode\STM32F405RGTX_FLASH.ld" --specs=nosys.specs -Wl,-Map="IrControlerDecode.map" -Wl,--gc-sections -static --specs=nano.specs -mfpu=fpv4-sp-d16 -mfloat-abi=hard -mthumb -Wl,--start-group -lc -lm -lstdc++ -lsupc++ -Wl,--end-group
Finished building target: IrControlerDecode.elf
 
arm-none-eabi-size   IrControlerDecode.elf 
arm-none-eabi-objdump -h -S  IrControlerDecode.elf  > "IrControlerDecode.list"
arm-none-eabi-objcopy  -O binary  IrControlerDecode.elf  "IrControlerDecode.bin"
   text	   data	    bss	    dec	    hex	filename
   9436	     24	   1708	  11168	   2ba0	IrControlerDecode.elf
Finished building: default.size.stdout
 
Finished building: IrControlerDecode.bin
 
Finished building: IrControlerDecode.list
 
20:26:21 **** Incremental Build of configuration Debug for project IrControlerDecode ****
make -j8 all 
arm-none-eabi-g++ "../CPP/Src/sensorIrClass.cpp" -mcpu=cortex-m4 -std=gnu++14 -g3 -DDEBUG -DUSE_HAL_DRIVER -DSTM32F405xx -c -I../Core/Inc -I../Drivers/STM32F4xx_HAL_Driver/Inc -I../Drivers/STM32F4xx_HAL_Driver/Inc/Legacy -I../Drivers/CMSIS/Device/ST/STM32F4xx/Include -I../Drivers/CMSIS/Include -I"D:/GitHub/IrReceiverDecoder/IrControlerDecode/CPP/Src" -I"D:/GitHub/IrReceiverDecoder/IrControlerDecode/CPP/Inc" -O0 -ffunction-sections -fdata-sections -fno-exceptions -fno-rtti -fno-use-cxa-atexit -Wall -fstack-usage -MMD -MP -MF"CPP/Src/sensorIrClass.d" -MT"CPP/Src/sensorIrClass.o" --specs=nano.specs -mfpu=fpv4-sp-d16 -mfloat-abi=hard -mthumb -o "CPP/Src/sensorIrClass.o"
arm-none-eabi-g++ -o "IrControlerDecode.elf" @"objects.list"   -mcpu=cortex-m4 -T"D:\GitHub\IrReceiverDecoder\IrControlerDecode\STM32F405RGTX_FLASH.ld" --specs=nosys.specs -Wl,-Map="IrControlerDecode.map" -Wl,--gc-sections -static --specs=nano.specs -mfpu=fpv4-sp-d16 -mfloat-abi=hard -mthumb -Wl,--start-group -lc -lm -lstdc++ -lsupc++ -Wl,--end-group
Finished building target: IrControlerDecode.elf
 
arm-none-eabi-size   IrControlerDecode.elf 
arm-none-eabi-objdump -h -S  IrControlerDecode.elf  > "IrControlerDecode.list"
arm-none-eabi-objcopy  -O binary  IrControlerDecode.elf  "IrControlerDecode.bin"
   text	   data	    bss	    dec	    hex	filename
   9432	     24	   1708	  11164	   2b9c	IrControlerDecode.elf
Finished building: default.size.stdout
 
Finished building: IrControlerDecode.bin
 
Finished building: IrControlerDecode.list
 
20:31:45 **** Incremental Build of configuration Debug for project IrControlerDecode ****
make -j8 all 
arm-none-eabi-g++ "../CPP/Src/sensorIrClass.cpp" -mcpu=cortex-m4 -std=gnu++14 -g3 -DDEBUG -DUSE_HAL_DRIVER -DSTM32F405xx -c -I../Core/Inc -I../Drivers/STM32F4xx_HAL_Driver/Inc -I../Drivers/STM32F4xx_HAL_Driver/Inc/Legacy -I../Drivers/CMSIS/Device/ST/STM32F4xx/Include -I../Drivers/CMSIS/Include -I"D:/GitHub/IrReceiverDecoder/IrControlerDecode/CPP/Src" -I"D:/GitHub/IrReceiverDecoder/IrControlerDecode/CPP/Inc" -O0 -ffunction-sections -fdata-sections -fno-exceptions -fno-rtti -fno-use-cxa-atexit -Wall -fstack-usage -MMD -MP -MF"CPP/Src/sensorIrClass.d" -MT"CPP/Src/sensorIrClass.o" --specs=nano.specs -mfpu=fpv4-sp-d16 -mfloat-abi=hard -mthumb -o "CPP/Src/sensorIrClass.o"
arm-none-eabi-g++ -o "IrControlerDecode.elf" @"objects.list"   -mcpu=cortex-m4 -T"D:\GitHub\IrReceiverDecoder\IrControlerDecode\STM32F405RGTX_FLASH.ld" --specs=nosys.specs -Wl,-Map="IrControlerDecode.map" -Wl,--gc-sections -static --specs=nano.specs -mfpu=fpv4-sp-d16 -mfloat-abi=hard -mthumb -Wl,--start-group -lc -lm -lstdc++ -lsupc++ -Wl,--end-group
Finished building target: IrControlerDecode.elf
 
arm-none-eabi-size   IrControlerDecode.elf 
arm-none-eabi-objdump -h -S  IrControlerDecode.elf  > "IrControlerDecode.list"
arm-none-eabi-objcopy  -O binary  IrControlerDecode.elf  "IrControlerDecode.bin"
   text	   data	    bss	    dec	    hex	filename
   9484	     24	   1708	  11216	   2bd0	IrControlerDecode.elf
Finished building: default.size.stdout
 
Finished building: IrControlerDecode.bin
 
Finished building: IrControlerDecode.list
 
20:33:02 **** Incremental Build of configuration Debug for project IrControlerDecode ****
make -j8 all 
arm-none-eabi-g++ "../CPP/Src/sensorIrClass.cpp" -mcpu=cortex-m4 -std=gnu++14 -g3 -DDEBUG -DUSE_HAL_DRIVER -DSTM32F405xx -c -I../Core/Inc -I../Drivers/STM32F4xx_HAL_Driver/Inc -I../Drivers/STM32F4xx_HAL_Driver/Inc/Legacy -I../Drivers/CMSIS/Device/ST/STM32F4xx/Include -I../Drivers/CMSIS/Include -I"D:/GitHub/IrReceiverDecoder/IrControlerDecode/CPP/Src" -I"D:/GitHub/IrReceiverDecoder/IrControlerDecode/CPP/Inc" -O0 -ffunction-sections -fdata-sections -fno-exceptions -fno-rtti -fno-use-cxa-atexit -Wall -fstack-usage -MMD -MP -MF"CPP/Src/sensorIrClass.d" -MT"CPP/Src/sensorIrClass.o" --specs=nano.specs -mfpu=fpv4-sp-d16 -mfloat-abi=hard -mthumb -o "CPP/Src/sensorIrClass.o"
arm-none-eabi-g++ -o "IrControlerDecode.elf" @"objects.list"   -mcpu=cortex-m4 -T"D:\GitHub\IrReceiverDecoder\IrControlerDecode\STM32F405RGTX_FLASH.ld" --specs=nosys.specs -Wl,-Map="IrControlerDecode.map" -Wl,--gc-sections -static --specs=nano.specs -mfpu=fpv4-sp-d16 -mfloat-abi=hard -mthumb -Wl,--start-group -lc -lm -lstdc++ -lsupc++ -Wl,--end-group
Finished building target: IrControlerDecode.elf
 
arm-none-eabi-size   IrControlerDecode.elf 
arm-none-eabi-objdump -h -S  IrControlerDecode.elf  > "IrControlerDecode.list"
arm-none-eabi-objcopy  -O binary  IrControlerDecode.elf  "IrControlerDecode.bin"
   text	   data	    bss	    dec	    hex	filename
   9456	     24	   1708	  11188	   2bb4	IrControlerDecode.elf
Finished building: default.size.stdout
 
Finished building: IrControlerDecode.bin
 
Finished building: IrControlerDecode.list
 
20:36:05 **** Incremental Build of configuration Debug for project IrControlerDecode ****
make -j8 all 
arm-none-eabi-g++ "../CPP/Src/sensorIrClass.cpp" -mcpu=cortex-m4 -std=gnu++14 -g3 -DDEBUG -DUSE_HAL_DRIVER -DSTM32F405xx -c -I../Core/Inc -I../Drivers/STM32F4xx_HAL_Driver/Inc -I../Drivers/STM32F4xx_HAL_Driver/Inc/Legacy -I../Drivers/CMSIS/Device/ST/STM32F4xx/Include -I../Drivers/CMSIS/Include -I"D:/GitHub/IrReceiverDecoder/IrControlerDecode/CPP/Src" -I"D:/GitHub/IrReceiverDecoder/IrControlerDecode/CPP/Inc" -O0 -ffunction-sections -fdata-sections -fno-exceptions -fno-rtti -fno-use-cxa-atexit -Wall -fstack-usage -MMD -MP -MF"CPP/Src/sensorIrClass.d" -MT"CPP/Src/sensorIrClass.o" --specs=nano.specs -mfpu=fpv4-sp-d16 -mfloat-abi=hard -mthumb -o "CPP/Src/sensorIrClass.o"
arm-none-eabi-g++ -o "IrControlerDecode.elf" @"objects.list"   -mcpu=cortex-m4 -T"D:\GitHub\IrReceiverDecoder\IrControlerDecode\STM32F405RGTX_FLASH.ld" --specs=nosys.specs -Wl,-Map="IrControlerDecode.map" -Wl,--gc-sections -static --specs=nano.specs -mfpu=fpv4-sp-d16 -mfloat-abi=hard -mthumb -Wl,--start-group -lc -lm -lstdc++ -lsupc++ -Wl,--end-group
Finished building target: IrControlerDecode.elf
 
arm-none-eabi-size   IrControlerDecode.elf 
arm-none-eabi-objdump -h -S  IrControlerDecode.elf  > "IrControlerDecode.list"
arm-none-eabi-objcopy  -O binary  IrControlerDecode.elf  "IrControlerDecode.bin"
   text	   data	    bss	    dec	    hex	filename
   9484	     24	   1708	  11216	   2bd0	IrControlerDecode.elf
Finished building: default.size.stdout
 
Finished building: IrControlerDecode.bin
 
Finished building: IrControlerDecode.list
 
20:36:29 **** Incremental Build of configuration Debug for project IrControlerDecode ****
make -j8 all 
arm-none-eabi-size   IrControlerDecode.elf 
   text	   data	    bss	    dec	    hex	filename
   9484	     24	   1708	  11216	   2bd0	IrControlerDecode.elf
Finished building: default.size.stdout
 
20:36:57 **** Incremental Build of configuration Debug for project IrControlerDecode ****
make -j8 all 
arm-none-eabi-size   IrControlerDecode.elf 
   text	   data	    bss	    dec	    hex	filename
   9484	     24	   1708	  11216	   2bd0	IrControlerDecode.elf
Finished building: default.size.stdout
 
20:37:36 **** Incremental Build of configuration Debug for project IrControlerDecode ****
make -j8 all 
arm-none-eabi-g++ "../CPP/Src/sensorIrClass.cpp" -mcpu=cortex-m4 -std=gnu++14 -g3 -DDEBUG -DUSE_HAL_DRIVER -DSTM32F405xx -c -I../Core/Inc -I../Drivers/STM32F4xx_HAL_Driver/Inc -I../Drivers/STM32F4xx_HAL_Driver/Inc/Legacy -I../Drivers/CMSIS/Device/ST/STM32F4xx/Include -I../Drivers/CMSIS/Include -I"D:/GitHub/IrReceiverDecoder/IrControlerDecode/CPP/Src" -I"D:/GitHub/IrReceiverDecoder/IrControlerDecode/CPP/Inc" -O0 -ffunction-sections -fdata-sections -fno-exceptions -fno-rtti -fno-use-cxa-atexit -Wall -fstack-usage -MMD -MP -MF"CPP/Src/sensorIrClass.d" -MT"CPP/Src/sensorIrClass.o" --specs=nano.specs -mfpu=fpv4-sp-d16 -mfloat-abi=hard -mthumb -o "CPP/Src/sensorIrClass.o"
arm-none-eabi-g++ -o "IrControlerDecode.elf" @"objects.list"   -mcpu=cortex-m4 -T"D:\GitHub\IrReceiverDecoder\IrControlerDecode\STM32F405RGTX_FLASH.ld" --specs=nosys.specs -Wl,-Map="IrControlerDecode.map" -Wl,--gc-sections -static --specs=nano.specs -mfpu=fpv4-sp-d16 -mfloat-abi=hard -mthumb -Wl,--start-group -lc -lm -lstdc++ -lsupc++ -Wl,--end-group
Finished building target: IrControlerDecode.elf
 
arm-none-eabi-size   IrControlerDecode.elf 
arm-none-eabi-objdump -h -S  IrControlerDecode.elf  > "IrControlerDecode.list"
arm-none-eabi-objcopy  -O binary  IrControlerDecode.elf  "IrControlerDecode.bin"
   text	   data	    bss	    dec	    hex	filename
   9468	     24	   1708	  11200	   2bc0	IrControlerDecode.elf
Finished building: default.size.stdout
 
Finished building: IrControlerDecode.bin
 
Finished building: IrControlerDecode.list
 
20:38:17 **** Incremental Build of configuration Debug for project IrControlerDecode ****
make -j8 all 
arm-none-eabi-size   IrControlerDecode.elf 
   text	   data	    bss	    dec	    hex	filename
   9468	     24	   1708	  11200	   2bc0	IrControlerDecode.elf
Finished building: default.size.stdout
 
20:39:22 **** Incremental Build of configuration Debug for project IrControlerDecode ****
make -j8 all 
arm-none-eabi-g++ "../CPP/Src/sensorIrClass.cpp" -mcpu=cortex-m4 -std=gnu++14 -g3 -DDEBUG -DUSE_HAL_DRIVER -DSTM32F405xx -c -I../Core/Inc -I../Drivers/STM32F4xx_HAL_Driver/Inc -I../Drivers/STM32F4xx_HAL_Driver/Inc/Legacy -I../Drivers/CMSIS/Device/ST/STM32F4xx/Include -I../Drivers/CMSIS/Include -I"D:/GitHub/IrReceiverDecoder/IrControlerDecode/CPP/Src" -I"D:/GitHub/IrReceiverDecoder/IrControlerDecode/CPP/Inc" -O0 -ffunction-sections -fdata-sections -fno-exceptions -fno-rtti -fno-use-cxa-atexit -Wall -fstack-usage -MMD -MP -MF"CPP/Src/sensorIrClass.d" -MT"CPP/Src/sensorIrClass.o" --specs=nano.specs -mfpu=fpv4-sp-d16 -mfloat-abi=hard -mthumb -o "CPP/Src/sensorIrClass.o"
arm-none-eabi-g++ -o "IrControlerDecode.elf" @"objects.list"   -mcpu=cortex-m4 -T"D:\GitHub\IrReceiverDecoder\IrControlerDecode\STM32F405RGTX_FLASH.ld" --specs=nosys.specs -Wl,-Map="IrControlerDecode.map" -Wl,--gc-sections -static --specs=nano.specs -mfpu=fpv4-sp-d16 -mfloat-abi=hard -mthumb -Wl,--start-group -lc -lm -lstdc++ -lsupc++ -Wl,--end-group
Finished building target: IrControlerDecode.elf
 
arm-none-eabi-size   IrControlerDecode.elf 
arm-none-eabi-objdump -h -S  IrControlerDecode.elf  > "IrControlerDecode.list"
arm-none-eabi-objcopy  -O binary  IrControlerDecode.elf  "IrControlerDecode.bin"
   text	   data	    bss	    dec	    hex	filename
   9448	     24	   1708	  11180	   2bac	IrControlerDecode.elf
Finished building: default.size.stdout
 
Finished building: IrControlerDecode.bin
 
Finished building: IrControlerDecode.list
 
20:41:34 **** Incremental Build of configuration Debug for project IrControlerDecode ****
make -j8 all 
arm-none-eabi-g++ "../CPP/Src/sensorIrClass.cpp" -mcpu=cortex-m4 -std=gnu++14 -g3 -DDEBUG -DUSE_HAL_DRIVER -DSTM32F405xx -c -I../Core/Inc -I../Drivers/STM32F4xx_HAL_Driver/Inc -I../Drivers/STM32F4xx_HAL_Driver/Inc/Legacy -I../Drivers/CMSIS/Device/ST/STM32F4xx/Include -I../Drivers/CMSIS/Include -I"D:/GitHub/IrReceiverDecoder/IrControlerDecode/CPP/Src" -I"D:/GitHub/IrReceiverDecoder/IrControlerDecode/CPP/Inc" -O0 -ffunction-sections -fdata-sections -fno-exceptions -fno-rtti -fno-use-cxa-atexit -Wall -fstack-usage -MMD -MP -MF"CPP/Src/sensorIrClass.d" -MT"CPP/Src/sensorIrClass.o" --specs=nano.specs -mfpu=fpv4-sp-d16 -mfloat-abi=hard -mthumb -o "CPP/Src/sensorIrClass.o"
arm-none-eabi-g++ -o "IrControlerDecode.elf" @"objects.list"   -mcpu=cortex-m4 -T"D:\GitHub\IrReceiverDecoder\IrControlerDecode\STM32F405RGTX_FLASH.ld" --specs=nosys.specs -Wl,-Map="IrControlerDecode.map" -Wl,--gc-sections -static --specs=nano.specs -mfpu=fpv4-sp-d16 -mfloat-abi=hard -mthumb -Wl,--start-group -lc -lm -lstdc++ -lsupc++ -Wl,--end-group
Finished building target: IrControlerDecode.elf
 
arm-none-eabi-size   IrControlerDecode.elf 
arm-none-eabi-objdump -h -S  IrControlerDecode.elf  > "IrControlerDecode.list"
arm-none-eabi-objcopy  -O binary  IrControlerDecode.elf  "IrControlerDecode.bin"
   text	   data	    bss	    dec	    hex	filename
   9472	     24	   1708	  11204	   2bc4	IrControlerDecode.elf
Finished building: default.size.stdout
 
Finished building: IrControlerDecode.bin
 
Finished building: IrControlerDecode.list
 
20:43:25 **** Incremental Build of configuration Debug for project IrControlerDecode ****
make -j8 all 
arm-none-eabi-g++ "../CPP/Src/sensorIrClass.cpp" -mcpu=cortex-m4 -std=gnu++14 -g3 -DDEBUG -DUSE_HAL_DRIVER -DSTM32F405xx -c -I../Core/Inc -I../Drivers/STM32F4xx_HAL_Driver/Inc -I../Drivers/STM32F4xx_HAL_Driver/Inc/Legacy -I../Drivers/CMSIS/Device/ST/STM32F4xx/Include -I../Drivers/CMSIS/Include -I"D:/GitHub/IrReceiverDecoder/IrControlerDecode/CPP/Src" -I"D:/GitHub/IrReceiverDecoder/IrControlerDecode/CPP/Inc" -O0 -ffunction-sections -fdata-sections -fno-exceptions -fno-rtti -fno-use-cxa-atexit -Wall -fstack-usage -MMD -MP -MF"CPP/Src/sensorIrClass.d" -MT"CPP/Src/sensorIrClass.o" --specs=nano.specs -mfpu=fpv4-sp-d16 -mfloat-abi=hard -mthumb -o "CPP/Src/sensorIrClass.o"
arm-none-eabi-g++ -o "IrControlerDecode.elf" @"objects.list"   -mcpu=cortex-m4 -T"D:\GitHub\IrReceiverDecoder\IrControlerDecode\STM32F405RGTX_FLASH.ld" --specs=nosys.specs -Wl,-Map="IrControlerDecode.map" -Wl,--gc-sections -static --specs=nano.specs -mfpu=fpv4-sp-d16 -mfloat-abi=hard -mthumb -Wl,--start-group -lc -lm -lstdc++ -lsupc++ -Wl,--end-group
Finished building target: IrControlerDecode.elf
 
arm-none-eabi-size   IrControlerDecode.elf 
arm-none-eabi-objdump -h -S  IrControlerDecode.elf  > "IrControlerDecode.list"
arm-none-eabi-objcopy  -O binary  IrControlerDecode.elf  "IrControlerDecode.bin"
   text	   data	    bss	    dec	    hex	filename
   9484	     24	   1708	  11216	   2bd0	IrControlerDecode.elf
Finished building: default.size.stdout
 
Finished building: IrControlerDecode.bin
 
Finished building: IrControlerDecode.list
 
20:45:10 **** Incremental Build of configuration Debug for project IrControlerDecode ****
make -j8 all 
arm-none-eabi-g++ "../CPP/Src/sensorIrClass.cpp" -mcpu=cortex-m4 -std=gnu++14 -g3 -DDEBUG -DUSE_HAL_DRIVER -DSTM32F405xx -c -I../Core/Inc -I../Drivers/STM32F4xx_HAL_Driver/Inc -I../Drivers/STM32F4xx_HAL_Driver/Inc/Legacy -I../Drivers/CMSIS/Device/ST/STM32F4xx/Include -I../Drivers/CMSIS/Include -I"D:/GitHub/IrReceiverDecoder/IrControlerDecode/CPP/Src" -I"D:/GitHub/IrReceiverDecoder/IrControlerDecode/CPP/Inc" -O0 -ffunction-sections -fdata-sections -fno-exceptions -fno-rtti -fno-use-cxa-atexit -Wall -fstack-usage -MMD -MP -MF"CPP/Src/sensorIrClass.d" -MT"CPP/Src/sensorIrClass.o" --specs=nano.specs -mfpu=fpv4-sp-d16 -mfloat-abi=hard -mthumb -o "CPP/Src/sensorIrClass.o"
arm-none-eabi-g++ -o "IrControlerDecode.elf" @"objects.list"   -mcpu=cortex-m4 -T"D:\GitHub\IrReceiverDecoder\IrControlerDecode\STM32F405RGTX_FLASH.ld" --specs=nosys.specs -Wl,-Map="IrControlerDecode.map" -Wl,--gc-sections -static --specs=nano.specs -mfpu=fpv4-sp-d16 -mfloat-abi=hard -mthumb -Wl,--start-group -lc -lm -lstdc++ -lsupc++ -Wl,--end-group
Finished building target: IrControlerDecode.elf
 
arm-none-eabi-size   IrControlerDecode.elf 
arm-none-eabi-objdump -h -S  IrControlerDecode.elf  > "IrControlerDecode.list"
arm-none-eabi-objcopy  -O binary  IrControlerDecode.elf  "IrControlerDecode.bin"
   text	   data	    bss	    dec	    hex	filename
   9460	     24	   1708	  11192	   2bb8	IrControlerDecode.elf
Finished building: default.size.stdout
 
Finished building: IrControlerDecode.bin
 
Finished building: IrControlerDecode.list
 
20:46:50 **** Incremental Build of configuration Debug for project IrControlerDecode ****
make -j8 all 
arm-none-eabi-size   IrControlerDecode.elf 
   text	   data	    bss	    dec	    hex	filename
   9460	     24	   1708	  11192	   2bb8	IrControlerDecode.elf
Finished building: default.size.stdout
 
20:46:59 **** Incremental Build of configuration Debug for project IrControlerDecode ****
make -j8 all 
arm-none-eabi-size   IrControlerDecode.elf 
   text	   data	    bss	    dec	    hex	filename
   9460	     24	   1708	  11192	   2bb8	IrControlerDecode.elf
Finished building: default.size.stdout
 
20:53:22 **** Incremental Build of configuration Debug for project IrControlerDecode ****
make -j8 all 
arm-none-eabi-size   IrControlerDecode.elf 
   text	   data	    bss	    dec	    hex	filename
   9460	     24	   1708	  11192	   2bb8	IrControlerDecode.elf
Finished building: default.size.stdout
 
20:55:42 **** Incremental Build of configuration Debug for project IrControlerDecode ****
make -j8 all 
arm-none-eabi-g++ "../CPP/Src/sensorIrClass.cpp" -mcpu=cortex-m4 -std=gnu++14 -g3 -DDEBUG -DUSE_HAL_DRIVER -DSTM32F405xx -c -I../Core/Inc -I../Drivers/STM32F4xx_HAL_Driver/Inc -I../Drivers/STM32F4xx_HAL_Driver/Inc/Legacy -I../Drivers/CMSIS/Device/ST/STM32F4xx/Include -I../Drivers/CMSIS/Include -I"D:/GitHub/IrReceiverDecoder/IrControlerDecode/CPP/Src" -I"D:/GitHub/IrReceiverDecoder/IrControlerDecode/CPP/Inc" -O0 -ffunction-sections -fdata-sections -fno-exceptions -fno-rtti -fno-use-cxa-atexit -Wall -fstack-usage -MMD -MP -MF"CPP/Src/sensorIrClass.d" -MT"CPP/Src/sensorIrClass.o" --specs=nano.specs -mfpu=fpv4-sp-d16 -mfloat-abi=hard -mthumb -o "CPP/Src/sensorIrClass.o"
arm-none-eabi-g++ -o "IrControlerDecode.elf" @"objects.list"   -mcpu=cortex-m4 -T"D:\GitHub\IrReceiverDecoder\IrControlerDecode\STM32F405RGTX_FLASH.ld" --specs=nosys.specs -Wl,-Map="IrControlerDecode.map" -Wl,--gc-sections -static --specs=nano.specs -mfpu=fpv4-sp-d16 -mfloat-abi=hard -mthumb -Wl,--start-group -lc -lm -lstdc++ -lsupc++ -Wl,--end-group
Finished building target: IrControlerDecode.elf
 
arm-none-eabi-size   IrControlerDecode.elf 
arm-none-eabi-objdump -h -S  IrControlerDecode.elf  > "IrControlerDecode.list"
arm-none-eabi-objcopy  -O binary  IrControlerDecode.elf  "IrControlerDecode.bin"
   text	   data	    bss	    dec	    hex	filename
   9468	     24	   1708	  11200	   2bc0	IrControlerDecode.elf
Finished building: default.size.stdout
 
Finished building: IrControlerDecode.bin
 
Finished building: IrControlerDecode.list
 
20:58:12 **** Incremental Build of configuration Debug for project IrControlerDecode ****
make -j8 all 
arm-none-eabi-size   IrControlerDecode.elf 
   text	   data	    bss	    dec	    hex	filename
   9468	     24	   1708	  11200	   2bc0	IrControlerDecode.elf
Finished building: default.size.stdout
 
