12:46:46 **** Incremental Build of configuration Debug for project IrControlerDecode ****
make -j8 all 
arm-none-eabi-gcc "../Core/Src/main.c" -mcpu=cortex-m4 -std=gnu11 -g3 -DDEBUG -DUSE_HAL_DRIVER -DSTM32F405xx -c -I../Core/Inc -I../Drivers/STM32F4xx_HAL_Driver/Inc -I../Drivers/STM32F4xx_HAL_Driver/Inc/Legacy -I../Drivers/CMSIS/Device/ST/STM32F4xx/Include -I../Drivers/CMSIS/Include -O0 -ffunction-sections -fdata-sections -Wall -fstack-usage -MMD -MP -MF"Core/Src/main.d" -MT"Core/Src/main.o" --specs=nano.specs -mfpu=fpv4-sp-d16 -mfloat-abi=hard -mthumb -o "Core/Src/main.o"
arm-none-eabi-g++ -o "IrControlerDecode.elf" @"objects.list"   -mcpu=cortex-m4 -T"D:\GitHub\IrReceiverDecoder\IrControlerDecode\STM32F405RGTX_FLASH.ld" --specs=nosys.specs -Wl,-Map="IrControlerDecode.map" -Wl,--gc-sections -static --specs=nano.specs -mfpu=fpv4-sp-d16 -mfloat-abi=hard -mthumb -Wl,--start-group -lc -lm -lstdc++ -lsupc++ -Wl,--end-group
Finished building target: IrControlerDecode.elf
 
arm-none-eabi-size   IrControlerDecode.elf 
arm-none-eabi-objdump -h -S  IrControlerDecode.elf  > "IrControlerDecode.list"
arm-none-eabi-objcopy  -O binary  IrControlerDecode.elf  "IrControlerDecode.bin"
   text	   data	    bss	    dec	    hex	filename
   9184	     20	   1668	  10872	   2a78	IrControlerDecode.elf
Finished building: default.size.stdout
 
Finished building: IrControlerDecode.bin
 
Finished building: IrControlerDecode.list
 

12:46:47 Build Finished. 0 errors, 0 warnings. (took 922ms)

